[@0,0:0='0',<INT10>,1:0]
[@1,3:4='92',<INT10>,1:3]
[@2,5:5='+',<'+'>,1:5]
[@3,6:9='data',<IDN>,1:6]
[@4,10:10='>',<'>'>,1:10]
[@5,13:16='0x3f',<INT16>,1:13]
[@6,19:19='0',<INT10>,1:19]
[@7,20:20='0',<INT10>,1:20]
[@8,23:27='while',<IDN>,1:23]
[@9,29:29='a',<IDN>,1:29]
[@10,30:30='+',<'+'>,1:30]
[@11,31:33='acc',<IDN>,1:31]
[@12,34:34='>',<'>'>,1:34]
[@13,35:36='xx',<IDN>,1:35]
[@14,38:39='do',<IDN>,1:38]
[@15,41:41='x',<IDN>,1:41]
[@16,42:42='=',<'='>,1:42]
[@17,43:43='x',<IDN>,1:43]
[@18,44:44='-',<'-'>,1:44]
[@19,45:45='1',<INT10>,1:45]
[@20,46:46=';',<';'>,1:46]
[@21,48:48='a',<IDN>,2:0]
[@22,49:49='=',<'='>,2:1]
[@23,50:52='6.2',<REAL10>,2:2]
[@24,53:53='+',<'+'>,2:5]
[@25,54:54='a',<IDN>,2:6]
[@26,55:55='*',<'*'>,2:7]
[@27,56:62='0X88.80',<REAL16>,2:8]
[@28,63:63=';',<';'>,2:15]
[@29,65:66='if',<IDN>,3:0]
[@30,68:68='a',<IDN>,3:3]
[@31,69:69='>',<'>'>,3:4]
[@32,70:70='b',<IDN>,3:5]
[@33,72:75='then',<IDN>,3:7]
[@34,77:77='a',<IDN>,3:12]
[@35,78:78='=',<'='>,3:13]
[@36,79:79='b',<IDN>,3:14]
[@37,81:84='else',<IDN>,3:16]
[@38,86:86='a',<IDN>,3:21]
[@39,87:87='=',<'='>,3:22]
[@40,88:88='b',<IDN>,3:23]
[@41,89:89='-',<'-'>,3:24]
[@42,90:90='1',<INT10>,3:25]
[@43,91:91='+',<'+'>,3:26]
[@44,92:92='c',<IDN>,3:27]
[@45,93:93=';',<';'>,3:28]
[@46,95:94='<EOF>',<EOF>,4:0]
